// Jest Snapshot v1, https://goo.gl/fbAQLP

exports[`AddReferenceModal component should render and match the snapshot 1`] = `
<div
  class="modal-backdrop fade"
/>
`;
