// Jest Snapshot v1, https://goo.gl/fbAQLP

exports[`Breadcrumb component should render and match the snapshot 1`] = `
<div
  class="container"
>
  <a
    href="/et"
  >
    quia
  </a>
  <svg>
    arrow-right.svg
  </svg>
  <span
    class="active"
  >
    fugit
  </span>
</div>
`;
